8_3_names.test
affinity2.test
affinity3.test
aggnested.test
alias.test
alter2.test
alter3.test
alter4.test
altertab2.test
altertab3.test
amatch1.test
analyze.test
analyze3.test
analyze4.test
analyze5.test
analyze6.test
analyze8.test
analyze9.test
analyzeC.test
analyzeD.test
analyzeE.test
analyzeF.test
analyzer1.test
async2.test
async3.test
async4.test
async5.test
atof1.test
attach3.test
autoanalyze1.test
autoindex2.test
autoindex4.test
autoindex5.test
backcompat.test
bigfile2.test
bigmmap.test
bigrow.test
bigsort.test
boundary1.test
boundary2.test
boundary3.test
boundary4.test
btree01.test
cachespill.test
collate8.test
collateA.test
collateB.test
conflict3.test
contrib01.test
corrupt5.test
corrupt6.test
corrupt7.test
corrupt9.test
corruptA.test
corruptF.test
corruptG.test
corruptJ.test
corruptM.test
countofview.test
crash5.test
crashM.test
cse.test
cursorhint.test
cursorhint2.test
date2.test
dbfuzz001.test
default.test
delete3.test
delete4.test
descidx2.test
distinct2.test
distinctagg.test
e_fts3.test
e_resolve.test
enc.test
enc2.test
enc3.test
enc4.test
expr2.test
filter1.test
fkey3.test
fts-9fd058691.test
fts1a.test
fts1b.test
fts1c.test
fts1d.test
fts1e.test
fts1f.test
fts1i.test
fts1j.test
fts1k.test
fts1l.test
fts1m.test
fts1n.test
fts1o.test
fts1porter.test
fts2.test
fts2a.test
fts2b.test
fts2c.test
fts2d.test
fts2e.test
fts2f.test
fts2g.test
fts2h.test
fts2i.test
fts2j.test
fts2k.test
fts2l.test
fts2m.test
fts2n.test
fts2o.test
fts2p.test
fts2q.test
fts2r.test
fts2token.test
fts3aa.test
fts3ab.test
fts3ac.test
fts3ad.test
fts3ae.test
fts3af.test
fts3ag.test
fts3ah.test
fts3ai.test
fts3aj.test
fts3ak.test
fts3al.test
fts3am.test
fts3an.test
fts3ao.test
fts3atoken.test
fts3auto.test
fts3aux1.test
fts3aux2.test
fts3b.test
fts3c.test
fts3comp1.test
fts3conf.test
fts3corrupt.test
fts3corrupt2.test
fts3corrupt3.test
fts3corrupt4.test
fts3corrupt5.test
fts3cov.test
fts3d.test
fts3defer.test
fts3defer2.test
fts3defer3.test
fts3drop.test
fts3e.test
fts3expr.test
fts3expr2.test
fts3expr3.test
fts3expr4.test
fts3expr5.test
fts3fault.test
fts3fault2.test
fts3first.test
fts3fuzz001.test
fts3join.test
fts3malloc.test
fts3matchinfo.test
fts3misc.test
fts3near.test
fts3offsets.test
fts3prefix.test
fts3prefix2.test
fts3query.test
fts3rank.test
fts3rnd.test
fts3shared.test
fts3snippet.test
fts3sort.test
fts3tok1.test
fts3tok_err.test
fts3varint.test
fts4aa.test
fts4check.test
fts4content.test
fts4docid.test
fts4growth.test
fts4growth2.test
fts4incr.test
fts4langid.test
fts4lastrowid.test
fts4merge.test
fts4merge2.test
fts4merge3.test
fts4merge4.test
fts4merge5.test
fts4noti.test
fts4onepass.test
fts4opt.test
fts4record.test
fts4rename.test
fts4umlaut.test
fts4unicode.test
func6.test
fuzz-oss1.test
fuzz4.test
hidden.test
hook2.test
icu.test
in4.test
in5.test
index2.test
index3.test
index4.test
index8.test
indexexpr1.test
insert.test
insert5.test
instr.test
ioerr5.test
ioerr6.test
join4.test
join6.test
json101.test
json102.test
json103.test
json104.test
keyword1.test
like2.test
like3.test
limit.test
loadext2.test
lock3.test
lock6.test
lock7.test
malloc4.test
malloc5.test
mallocE.test
mallocF.test
mallocH.test
mem5.test
memdb1.test
minmax4.test
misc5.test
mmap1.test
mmap3.test
mmap4.test
mmapfault.test
multiplex3.test
notify2.test
null.test
numindex1.test
offset1.test
orderby3.test
orderby4.test
orderby5.test
orderby6.test
orderby7.test
parser1.test
pcache.test
pragma5.test
printf2.test
progress.test
pushdown.test
queryonly.test
randexpr1.test
recover.test
resolver01.test
rowvalue.test
rowvalue3.test
rowvalue6.test
rowvalue7.test
rowvalue8.test
rowvalue9.test
savepoint5.test
scanstatus.test
schema4.test
schema5.test
securedel.test
select3.test
select5.test
select8.test
selectE.test
selectF.test
server1.test
shared4.test
shared7.test
shared8.test
sharedA.test
sharedB.test
sharedlock.test
shell1.test
shell2.test
shell3.test
shell4.test
shell5.test
shell6.test
shell7.test
shell8.test
sidedelete.test
skipscan3.test
skipscan5.test
skipscan6.test
snapshot.test
snapshot2.test
snapshot3.test
snapshot4.test
snapshot_fault.test
snapshot_up.test
softheap1.test
sorterref.test
sqldiff1.test
sqllog.test
stmtvtab1.test
subquery2.test
subselect.test
substr.test
tableopts.test
temptable3.test
temptrigger.test
thread001.test
thread002.test
thread003.test
thread004.test
thread005.test
thread1.test
thread2.test
tkt-02a8e81d44.test
tkt-2ea2425d34.test
tkt-31338dca7e.test
tkt-385a5b56b9.test
tkt-38cb5df375.test
tkt-3998683a16.test
tkt-3a77c9714e.test
tkt-3fe897352e.test
tkt-4a03edc4c8.test
tkt-4c86b126f2.test
tkt-4dd95f6943.test
tkt-4ef7e3cfca.test
tkt-54844eea3f.test
tkt-5e10420e8d.test
tkt-6bfb98dfc0.test
tkt-752e1646fc.test
tkt-78e04e52ea.test
tkt-7a31705a7e6.test
tkt-80e031a00f.test
tkt-8454a207b9.test
tkt-868145d012.test
tkt-8c63ff0ec.test
tkt-91e2e8ba6f.test
tkt-94c04eaadb.test
tkt-9a8b09f8e6.test
tkt-a7b7803e.test
tkt-a8a0d2996a.test
tkt-b1d3a2e531.test
tkt-b351d95f9.test
tkt-b75a9ca6b0.test
tkt-ba7cbfaedc.test
tkt-bdc6bbbb38.test
tkt-c48d99d690.test
tkt-c694113d5.test
tkt-cbd054fa6b.test
tkt-d11f09d36e.test
tkt-d635236375.test
tkt-d82e3f3721.test
tkt-f973c7ac31.test
tkt-fa7bf5ec.test
tkt-fc7bd6358f.test
tkt1435.test
tkt1443.test
tkt1444.test
tkt1449.test
tkt1473.test
tkt1501.test
tkt1514.test
tkt1536.test
tkt1537.test
tkt1873.test
tkt2141.test
tkt2192.test
tkt2251.test
tkt2285.test
tkt2339.test
tkt2391.test
tkt2450.test
tkt2640.test
tkt2643.test
tkt2686.test
tkt2767.test
tkt2817.test
tkt2822.test
tkt2832.test
tkt2920.test
tkt2927.test
tkt2942.test
tkt3201.test
tkt3292.test
tkt3298.test
tkt3334.test
tkt3346.test
tkt3357.test
tkt3419.test
tkt3424.test
tkt3461.test
tkt3493.test
tkt3508.test
tkt3522.test
tkt3527.test
tkt3541.test
tkt3554.test
tkt3581.test
tkt35xx.test
tkt3731.test
tkt3761.test
tkt3762.test
tkt3773.test
tkt3791.test
tkt3810.test
tkt3832.test
tkt3838.test
tkt3879.test
tkt3911.test
tkt3918.test
tkt3922.test
tkt3935.test
tkt3992.test
tokenize.test
transitive1.test
trigger4.test
trigger5.test
trigger7.test
trigger8.test
trigger9.test
triggerB.test
triggerD.test
triggerE.test
triggerF.test
triggerG.test
unique2.test
unordered.test
upsert1.test
upsert2.test
upsert3.test
upsert4.test
uri2.test
userauth01.test
utf16align.test
vacuum4.test
vtabdrop.test
wal7.test
wal8.test
wal9.test
walbig.test
walblock.test
walshared.test
walthread.test
where5.test
where6.test
whereB.test
whereE.test
whereH.test
whereJ.test
whereK.test
wherelfault.test
wherelimit.test
wherelimit2.test
win32heap.test
win32lock.test
win32longpath.test
win32nolock.test
window7.test
window8.test
window9.test
windowA.test
windowB.test
windowerr.test
with4.test
without_rowid1.test
without_rowid6.test
without_rowid7.test
